╔════════════════════════════════════════════════╗
║     haagenti-grpc Tests                        ║
╚════════════════════════════════════════════════╝

server_config_defaults: PASS
server_config_address: PASS
service_stats_record: PASS
service_stats_ratio: PASS
compression_ratio: PASS
compression_savings: PASS
tls_config_basic: PASS
tls_config_mtls: PASS
metrics_counter: PASS
metrics_histogram: PASS
algorithm_names: PASS
level_names: PASS

All tests passed!
