╔════════════════════════════════════════════════╗
║     haagenti-adaptive Tests                    ║
╚════════════════════════════════════════════════╝

precision_ordering: PASS
precision_bits: PASS
vram_ratio: PASS
speedup_factors: PASS
quality_factors: PASS
balanced_profile: PASS
performance_profile: PASS
quality_profile: PASS
schedule_generation: PASS
transition_detection: PASS
smooth_step: PASS
vram_estimation: PASS
avg_quality: PASS

All tests passed!
