╔════════════════════════════════════════════════╗
║     haagenti-latent-cache Tests                ║
╚════════════════════════════════════════════════╝

embedding_creation: PASS
embedding_zeros: PASS
embedding_norm: PASS
embedding_normalize: PASS
cosine_similarity_identical: PASS
cosine_similarity_orthogonal: PASS
cache_stats_empty: PASS
cache_stats_hits: PASS
cache_stats_avg_similarity: PASS
search_result: PASS
similarity_search_empty: PASS
similarity_search_add: PASS
similarity_search_find: PASS
divergence_threshold_decay: PASS
divergence_prediction: PASS
cache_config_defaults: PASS
cache_config_validation: PASS

All tests passed!
